// Jest Snapshot v1, https://goo.gl/fbAQLP

exports[`Test para Home Component renders correctly 1`] = `
<View
  style={
    Object {
      "flex": 1,
    }
  }
>
  <ActivityIndicator />
</View>
`;
