// Jest Snapshot v1, https://goo.gl/fbAQLP

exports[`Tests for TaskComponent renders correctly 1`] = `
<View
  style={
    Object {
      "color": "#000000",
      "flex": 1,
    }
  }
>
  <Modal
    animationType="slide"
    hardwareAccelerated={false}
    onRequestClose={[Function]}
    transparent={true}
    visible={false}
  />
  <View
    style={
      Array [
        Object {
          "borderRadius": 3,
          "overflow": "hidden",
        },
        undefined,
        false,
      ]
    }
    testID="RNE_BUTTON_WRAPPER"
  >
    <View
      accessibilityRole="button"
      accessibilityState={
        Object {
          "busy": false,
          "disabled": false,
        }
      }
      accessible={true}
      collapsable={false}
      focusable={true}
      onClick={[Function]}
      onResponderGrant={[Function]}
      onResponderMove={[Function]}
      onResponderRelease={[Function]}
      onResponderTerminate={[Function]}
      onResponderTerminationRequest={[Function]}
      onStartShouldSetResponder={[Function]}
      style={
        Object {
          "opacity": 1,
        }
      }
    >
      <View
        style={
          Object {
            "alignItems": "center",
            "backgroundColor": "#009900",
            "borderColor": "#2089dc",
            "borderRadius": 3,
            "borderWidth": 0,
            "flexDirection": "row",
            "justifyContent": "center",
            "marginBottom": 5,
            "marginHorizontal": 20,
            "marginTop": 15,
            "padding": 8,
          }
        }
      >
        <Text
          style={
            Object {
              "color": "white",
              "fontSize": 18,
              "paddingVertical": 1,
              "textAlign": "center",
            }
          }
        >
          Nueva tarea
        </Text>
      </View>
    </View>
  </View>
  <View
    style={
      Object {
        "flex": 1,
      }
    }
  >
    <RCTScrollView
      ListEmptyComponent={[Function]}
      data={Array []}
      getItem={[Function]}
      getItemCount={[Function]}
      keyExtractor={[Function]}
      onContentSizeChange={[Function]}
      onLayout={[Function]}
      onMomentumScrollBegin={[Function]}
      onMomentumScrollEnd={[Function]}
      onScroll={[Function]}
      onScrollBeginDrag={[Function]}
      onScrollEndDrag={[Function]}
      removeClippedSubviews={false}
      renderItem={[Function]}
      scrollEventThrottle={50}
      stickyHeaderIndices={Array []}
      viewabilityConfigCallbackPairs={Array []}
    >
      <View>
        <View
          style={
            Object {
              "alignItems": "center",
            }
          }
        >
          <Text
            style={
              Object {
                "backgroundColor": "#E5E5E5",
              }
            }
          >
            No hay tareas que mostrar.
          </Text>
        </View>
      </View>
    </RCTScrollView>
  </View>
</View>
`;
